{ "log": "2019/07/31 22:19:52 [notice] 1#0: start worker process 32\n", "stream": "stderr", "time": "2019-07-31T22:19:52.3754634Z" }